parallella@parallella:~/riscv$ sudo ./fesvr +disk=root.bin bbl vmlinux
              vvvvvvvvvvvvvvvvvvvvvvvvvvvvvvvv
                  vvvvvvvvvvvvvvvvvvvvvvvvvvvv
rrrrrrrrrrrrr       vvvvvvvvvvvvvvvvvvvvvvvvvv
rrrrrrrrrrrrrrrr      vvvvvvvvvvvvvvvvvvvvvvvv
rrrrrrrrrrrrrrrrrr    vvvvvvvvvvvvvvvvvvvvvvvv
rrrrrrrrrrrrrrrrrr    vvvvvvvvvvvvvvvvvvvvvvvv
rrrrrrrrrrrrrrrrrr    vvvvvvvvvvvvvvvvvvvvvvvv
rrrrrrrrrrrrrrrr      vvvvvvvvvvvvvvvvvvvvvv
rrrrrrrrrrrrr       vvvvvvvvvvvvvvvvvvvvvv
rr                vvvvvvvvvvvvvvvvvvvvvv
rr            vvvvvvvvvvvvvvvvvvvvvvvv      rr
rrrr      vvvvvvvvvvvvvvvvvvvvvvvvvv      rrrr
rrrrrr      vvvvvvvvvvvvvvvvvvvvvv      rrrrrr
rrrrrrrr      vvvvvvvvvvvvvvvvvv      rrrrrrrr
rrrrrrrrrr      vvvvvvvvvvvvvv      rrrrrrrrrr
rrrrrrrrrrrr      vvvvvvvvvv      rrrrrrrrrrrr
rrrrrrrrrrrrrr      vvvvvv      rrrrrrrrrrrrrr
rrrrrrrrrrrrrrrr      vv      rrrrrrrrrrrrrrrr
rrrrrrrrrrrrrrrrrr          rrrrrrrrrrrrrrrrrr
rrrrrrrrrrrrrrrrrrrr      rrrrrrrrrrrrrrrrrrrr
rrrrrrrrrrrrrrrrrrrrrr  rrrrrrrrrrrrrrrrrrrrrr

       INSTRUCTION SETS WANT TO BE FREE
[    0.000000] Linux version 4.1.17-g174f395-dirty (lupo@gene) (gcc version 5.3.0 (GCC) ) #11 Thu Aug 18 06:50:43 EEST 2016
[    0.000000] Available physical memory: 1022MB
[    0.000000] Physical memory usage limited to 384MB
[    0.000000] Zone ranges:
[    0.000000]   Normal   [mem 0x0000000000200000-0x00000000181fffff]
[    0.000000] Movable zone start for each node
[    0.000000] Early memory node ranges
[    0.000000]   node   0: [mem 0x0000000000200000-0x00000000181fffff]
[    0.000000] Initmem setup node 0 [mem 0x0000000000200000-0x00000000181fffff]
[    0.000000] Built 1 zonelists in Zone order, mobility grouping on.  Total pages: 96960
[    0.000000] Kernel command line: root=/dev/htifblk0 mem=384M
[    0.000000] PID hash table entries: 2048 (order: 2, 16384 bytes)
[    0.000000] Dentry cache hash table entries: 65536 (order: 7, 524288 bytes)
[    0.000000] Inode-cache hash table entries: 32768 (order: 6, 262144 bytes)
[    0.000000] Sorting __ex_table...
[    0.000000] Memory: 384352K/393216K available (1810K kernel code, 92K rwdata, 396K rodata, 64K init, 210K bss, 8864K reserved, 0K cma-reserved)
[    0.000000] SLUB: HWalign=64, Order=0-3, MinObjects=0, CPUs=1, Nodes=1
[    0.000000] NR_IRQS:2
[    0.000000] clocksource riscv_clocksource: mask: 0xffffffff max_cycles: 0xffffffff, max_idle_ns: 191126044627 ns
[    0.150000] Calibrating delay using timer specific routine.. 20.05 BogoMIPS (lpj=100268)
[    0.150000] pid_max: default: 32768 minimum: 301
[    0.150000] Mount-cache hash table entries: 1024 (order: 1, 8192 bytes)
[    0.150000] Mountpoint-cache hash table entries: 1024 (order: 1, 8192 bytes)
[    0.150000] devtmpfs: initialized
[    0.150000] clocksource jiffies: mask: 0xffffffff max_cycles: 0xffffffff, max_idle_ns: 19112604462750000 ns
[    0.150000] NET: Registered protocol family 16
[    0.150000] Switched to clocksource riscv_clocksource
[    0.150000] NET: Registered protocol family 2
[    0.150000] TCP established hash table entries: 4096 (order: 3, 32768 bytes)
[    0.150000] TCP bind hash table entries: 4096 (order: 3, 32768 bytes)
[    0.150000] TCP: Hash tables configured (established 4096 bind 4096)
[    0.150000] UDP hash table entries: 256 (order: 1, 8192 bytes)
[    0.150000] UDP-Lite hash table entries: 256 (order: 1, 8192 bytes)
[    0.150000] NET: Registered protocol family 1
[    0.150000] futex hash table entries: 256 (order: 0, 6144 bytes)
[    0.150000] io scheduler noop registered
[    0.150000] io scheduler cfq registered (default)
[    0.200000] htifcon htif1: detected console
[    0.200000] console [htifcon0] enabled
[    0.200000] htifblk htif2: detected disk
[    0.200000] htifblk htif2: added htifblk0
[    0.210000] VFS: Mounted root (ext2 filesystem) readonly on device 254:0.
[    0.210000] devtmpfs: mounted
[    0.210000] Freeing unused kernel memory: 64K (ffffffff80000000 - ffffffff80010000)
INIT: version 2.88 booting
[    0.680000] random: dd urandom read with 28 bits of entropy available

hwclock: can't open '/dev/misc/rtc': No such file or directory
Sun Jul 17 01:37:10 UTC 2016
hwclock: can't open '/dev/misc/rtc': No such file or directory
INIT: Entering runlevel: 5
Configuring network interfaces... ifconfig: SIOCGIFFLAGS: No such device
hwclock: can't open '/dev/misc/rtc': No such file or directory
Starting syslogd/klogd: done

Poky (Yocto Project Reference Distro) 2.0+snapshot-20160717 riscv64 /dev/ttyHTIF0

riscv64 login: root
root@riscv64:~# uname -a
Linux riscv64 4.1.17-g174f395-dirty #11 Thu Aug 18 06:50:43 EEST 2016 riscv GNU/Linux
root@riscv64:~# cat /proc/cpuinfo
hart    : 0
isa     : RV64G

