U-Boot 2012.10-00003-g792c31c (Jan 03 2014 - 12:24:08)

I2C:   ready
DRAM:  992 MiB
WARNING: Caches not enabled
MMC:   SDHCI: 0
SF: Detected N25Q128 with page size 64 KiB, total 16 MiB
In:    serial
Out:   serial
Err:   serial
Net:   zynq_gem
Hit any key to stop autoboot:  0 
Configuring PL and Booting Linux...
Device: SDHCI
Manufacturer ID: 9c
OEM: 534f
Name: USD00 
Tran Speed: 50000000
Rd Block Len: 512
SD version 2.0
High Capacity: Yes
Capacity: 14.7 GiB
Bus Width: 4-bit
reading parallella.bit.bin

2083744 bytes read
reading uImage


U-Boot 2012.10-00003-g792c31c (Jan 03 2014 - 12:24:08)

I2C:   ready
DRAM:  992 MiB
WARNING: Caches not enabled
MMC:   SDHCI: 0
SF: Detected N25Q128 with page size 64 KiB, total 16 MiB
In:    serial
Out:   serial
Err:   serial
Net:   zynq_gem
Hit any key to stop autoboot:  0 
Configuring PL and Booting Linux...
Device: SDHCI
Manufacturer ID: 9c
OEM: 534f
Name: USD00 
Tran Speed: 50000000
Rd Block Len: 512
SD version 2.0
High Capacity: Yes
Capacity: 14.7 GiB
Bus Width: 4-bit
reading parallella.bit.bin

2083744 bytes read
reading uImage

6539248 bytes read
reading devicetree.dtb

13368 bytes read
## Booting kernel from Legacy Image at 03000000 ...
   Image Name:   Linux-4.4.0-geb7c3a1
   Image Type:   ARM Linux Kernel Image (uncompressed)
   Data Size:    6539184 Bytes = 6.2 MiB
   Load Address: 00008000
   Entry Point:  00008000
   Verifying Checksum ... OK
## Flattened Device Tree blob at 02a00000
   Booting using the fdt blob at 0x02a00000
   Loading Kernel Image ... OK
OK
   Loading Device Tree to 1fff9000, end 1ffff437 ... OK

Starting kernel ...

[    0.000000] Booting Linux on physical CPU 0x0
[    0.000000] Linux version 4.4.0-geb7c3a1 (lupo@gene) (gcc version 4.9.2 (Sourcery CodeBench Lite 2015.05-17) ) #15 SMP Wed Aug 17 00:16:17 EEST 2016
[    0.000000] CPU: ARMv7 Processor [413fc090] revision 0 (ARMv7), cr=18c5387d
[    0.000000] CPU: PIPT / VIPT nonaliasing data cache, VIPT aliasing instruction cache
[    0.000000] Machine model: Adapteva Parallella Board with headless bitstream
[    0.000000] cma: Reserved 64 MiB at 0x3a000000
[    0.000000] Memory policy: Data cache writealloc
[    0.000000] PERCPU: Embedded 12 pages/cpu @df80a000 s19136 r8192 d21824 u49152
[    0.000000] Built 1 zonelists in Zone order, mobility grouping on.  Total pages: 154112
[    0.000000] Kernel command line: console=ttyPS0,115200 earlyprintk root=/dev/mmcblk0p2 rootfstype=ext4 rw rootwait uio_pdrv_genirq.of_id=generic-uio
[    0.000000] PID hash table entries: 2048 (order: 1, 8192 bytes)
[    0.000000] Dentry cache hash table entries: 65536 (order: 6, 262144 bytes)
[    0.000000] Inode-cache hash table entries: 32768 (order: 5, 131072 bytes)
[    0.000000] Memory: 534892K/622592K available (8388K kernel code, 982K rwdata, 3836K rodata, 1056K init, 341K bss, 22164K reserved, 65536K cma-reserved, 32768K highmem)
[    0.000000] Virtual kernel memory layout:
[    0.000000]     vector  : 0xffff0000 - 0xffff1000   (   4 kB)
[    0.000000]     fixmap  : 0xffc00000 - 0xfff00000   (3072 kB)
[    0.000000]     vmalloc : 0xf0800000 - 0xff800000   ( 240 MB)
[    0.000000]     lowmem  : 0xc0000000 - 0xf0000000   ( 768 MB)
[    0.000000]     pkmap   : 0xbfe00000 - 0xc0000000   (   2 MB)
[    0.000000]     modules : 0xbf000000 - 0xbfe00000   (  14 MB)
[    0.000000]       .text : 0xc0208000 - 0xc0df9010   (12229 kB)
[    0.000000]       .init : 0xc0dfa000 - 0xc0f02000   (1056 kB)
[    0.000000]       .data : 0xc0f02000 - 0xc0ff7980   ( 983 kB)
[    0.000000]        .bss : 0xc0ffa000 - 0xc104f428   ( 342 kB)
[    0.000000] SLUB: HWalign=64, Order=0-3, MinObjects=0, CPUs=2, Nodes=1
[    0.000000] Hierarchical RCU implementation.
[    0.000000]  Build-time adjustment of leaf fanout to 32.
[    0.000000]  RCU restricting CPUs from NR_CPUS=16 to nr_cpu_ids=2.
[    0.000000] RCU: Adjusting geometry for rcu_fanout_leaf=32, nr_cpu_ids=2
[    0.000000] NR_IRQS:16 nr_irqs:16 16
[    0.000000] L2C: platform modifies aux control register: 0x72360000 -> 0x72760000
[    0.000000] L2C: DT/platform modifies aux control register: 0x72360000 -> 0x72760000
[    0.000000] L2C-310 erratum 769419 enabled
[    0.000000] L2C-310 enabling early BRESP for Cortex-A9
[    0.000000] L2C-310 full line of zeros enabled for Cortex-A9
[    0.000000] L2C-310 ID prefetch enabled, offset 1 lines
[    0.000000] L2C-310 dynamic clock gating enabled, standby mode enabled
[    0.000000] L2C-310 cache controller enabled, 8 ways, 512 kB
[    0.000000] L2C-310: CACHE_ID 0x410000c8, AUX_CTRL 0x76760001
[    0.000000] slcr mapped to f0804000
[    0.000000] zynq_clock_init: clkc starts at f0804100
[    0.000000] Zynq clock init
[    0.000000] global-timer: tied to cpu frequency, not supported with scaling
[    0.000000] clocksource: ttc_clocksource: mask: 0xffff max_cycles: 0xffff, max_idle_ns: 537538477 ns
[    0.000018] sched_clock: 16 bits at 54kHz, resolution 18432ns, wraps every 603975816ns
[    0.000055] timer #0 at f0808000, irq=17
[    0.000552] Console: colour dummy device 80x30
[    0.000589] Calibrating delay loop... 1327.10 BogoMIPS (lpj=3317760)
[    0.025178] pid_max: default: 32768 minimum: 301
[    0.025307] Mount-cache hash table entries: 1024 (order: 0, 4096 bytes)
[    0.025307] Mountpoint-cache hash table entries: 1024 (order: 0, 4096 bytes)
[    0.025897] CPU: Testing write buffer coherency: ok
[    0.026118] CPU0: thread -1, cpu 0, socket 0, mpidr 80000000
[    0.026173] Setting up static identity map for 0x209000 - 0x209098
[    0.055167] CPU1: thread -1, cpu 1, socket 0, mpidr 80000001
[    0.055259] Brought up 2 CPUs
[    0.055278] SMP: Total of 2 processors activated (2659.94 BogoMIPS).
[    0.055278] CPU: All CPU(s) started in SVC mode.
[    0.056273] devtmpfs: initialized
[    0.059867] VFP support v0.3: implementor 41 architecture 3 part 30 variant 9 rev 4
[    0.060420] clocksource: jiffies: mask: 0xffffffff max_cycles: 0xffffffff, max_idle_ns: 9556302231375000 ns
[    0.064475] pinctrl core: initialized pinctrl subsystem
[    0.066134] NET: Registered protocol family 16
[    0.068659] DMA: preallocated 256 KiB pool for atomic coherent allocations
[    0.085193] cpuidle: using governor ladder
[    0.100197] cpuidle: using governor menu
[    0.101892] zynq-gpio e000a000.gpio: could not find pctldev for node /amba/slcr@f8000000/pinctrl@700/gpio0-default, deferring probe
[    0.108215] No ATAGs?
[    0.108252] hw-breakpoint: found 5 (+1 reserved) breakpoint and 1 watchpoint registers.
[    0.108252] hw-breakpoint: maximum watchpoint size is 4 bytes.
[    0.109523] zynq-pinctrl 700.pinctrl: zynq pinctrl initialized
[    0.111514] Serial: AMBA PL011 UART driver
[    0.140950] vgaarb: loaded
[    0.141817] SCSI subsystem initialized
[    0.142333] usbcore: registered new interface driver usbfs
[    0.142406] usbcore: registered new interface driver hub
[    0.142462] usbcore: registered new device driver usb
[    0.142683] phy0 supply vcc not found, using dummy regulator
[    0.142793] phy1 supply vcc not found, using dummy regulator
[    0.143863] pps_core: LinuxPPS API ver. 1 registered
[    0.143863] pps_core: Software ver. 5.3.6 - Copyright 2005-2007 Rodolfo Giometti <giometti@linux.it>
[    0.143899] PTP clock support registered
[    0.144065] EDAC MC: Ver: 3.0.0
[    0.146461] clocksource: Switched to clocksource ttc_clocksource
[    0.157392] NET: Registered protocol family 2
[    0.157982] TCP established hash table entries: 4096 (order: 2, 16384 bytes)
[    0.158037] TCP bind hash table entries: 4096 (order: 3, 32768 bytes)
[    0.158111] TCP: Hash tables configured (established 4096 bind 4096)
[    0.158166] UDP hash table entries: 256 (order: 1, 8192 bytes)
[    0.158203] UDP-Lite hash table entries: 256 (order: 1, 8192 bytes)
[    0.158387] NET: Registered protocol family 1
[    0.158756] RPC: Registered named UNIX socket transport module.
[    0.158774] RPC: Registered udp transport module.
[    0.158774] RPC: Registered tcp transport module.
[    0.158793] RPC: Registered tcp NFSv4.1 backchannel transport module.
[    0.159585] hw perfevents: enabled with armv7_cortex_a9 PMU driver, 7 counters available
[    0.161023] futex hash table entries: 512 (order: 3, 32768 bytes)
[    0.172764] squashfs: version 4.0 (2009/01/31) Phillip Lougher
[    0.173667] NFS: Registering the id_resolver key type
[    0.173723] Key type id_resolver registered
[    0.173723] Key type id_legacy registered
[    0.173815] ntfs: driver 2.1.32 [Flags: R/O].
[    0.175179] bounce: pool size: 64 pages
[    0.175418] Block layer SCSI generic (bsg) driver version 0.4 loaded (major 249)
[    0.175437] io scheduler noop registered
[    0.175437] io scheduler deadline registered
[    0.175474] io scheduler cfq registered (default)
[    0.186091] dma-pl330 f8003000.dmac: Loaded driver for PL330 DMAC-241330
[    0.186109] dma-pl330 f8003000.dmac:         DBUFF-128x8bytes Num_Chans-8 Num_Peri-4 Num_Events-16
[    0.249774] Serial: 8250/16550 driver, 4 ports, IRQ sharing disabled
[    0.252022] SuperH (H)SCI(F) driver initialized
[    0.252723] msm_serial: driver initialized
[    0.253147] STMicroelectronics ASC driver initialized
[    0.253737] e0001000.serial: ttyPS0 at MMIO 0xe0001000 (irq = 25, base_baud = 3125000) is a xuartps
[    0.927764] console [ttyPS0] enabled
[    0.932501] xdevcfg f8007000.devcfg: ioremap 0xf8007000 to f085c000
[    0.939487] [drm] Initialized drm 1.1.0 20060810
[    0.952463] loop: module loaded
[    0.956278] zram: Added device: zram0
[    0.960426] elink 81000000.elink0: elink: vdd regulator not ready, retry
[    0.967080] elink 81000000.elink0: Could not get power supplies
[    0.972960] elink 81000000.elink0: Deferring probe.
[    0.981770] m25p80 spi32766.0: unrecognized JEDEC id bytes: 10, 33,  0
[    0.991244] libphy: Fixed MDIO Bus: probed
[    0.995981] CAN device driver interface
[    1.001345] libphy: MACB_mii_bus: probed
[    1.005806] macb e000b000.ethernet eth0: Cadence GEM rev 0x00020118 at 0xe000b000 irq 26 (04:4f:8b:00:39:f2)
[    1.015575] macb e000b000.ethernet eth0: attached PHY driver [Marvell 88E1318S] (mii_bus:phy_addr=e000b000.etherne:00, irq=-1)
[    1.027592] igb: Intel(R) Gigabit Ethernet Network Driver - version 5.3.0-k
[    1.034486] igb: Copyright (c) 2007-2014 Intel Corporation.
[    1.042375] pegasus: v0.9.3 (2013/04/25), Pegasus/Pegasus II USB Ethernet driver
[    1.049766] usbcore: registered new interface driver pegasus
[    1.055425] usbcore: registered new interface driver asix
[    1.060789] usbcore: registered new interface driver ax88179_178a
[    1.066871] usbcore: registered new interface driver cdc_ether
[    1.072696] usbcore: registered new interface driver smsc75xx
[    1.078447] usbcore: registered new interface driver smsc95xx
[    1.084161] usbcore: registered new interface driver net1080
[    1.089819] usbcore: registered new interface driver cdc_subset
[    1.095718] usbcore: registered new interface driver zaurus
[    1.101303] usbcore: registered new interface driver cdc_ncm
[    1.108270] ehci_hcd: USB 2.0 'Enhanced' Host Controller (EHCI) Driver
[    1.114721] ehci-pci: EHCI PCI platform driver
[    1.119200] ehci-platform: EHCI generic platform driver
[    1.124509] ehci-omap: OMAP-EHCI Host Controller driver
[    1.129780] ehci-orion: EHCI orion driver
[    1.133835] SPEAr-ehci: EHCI SPEAr driver
[    1.137890] ehci-st: EHCI STMicroelectronics driver
[    1.142812] ehci-exynos: EHCI EXYNOS driver
[    1.147051] ehci-atmel: EHCI Atmel driver
[    1.151069] tegra-ehci: Tegra EHCI driver
[    1.155143] ohci_hcd: USB 1.1 'Open' Host Controller (OHCI) Driver
[    1.161281] ohci-pci: OHCI PCI platform driver
[    1.165723] ohci-platform: OHCI generic platform driver
[    1.171032] ohci-omap3: OHCI OMAP3 driver
[    1.175087] SPEAr-ohci: OHCI SPEAr driver
[    1.179142] ohci-st: OHCI STMicroelectronics driver
[    1.184045] ohci-atmel: OHCI Atmel driver
[    1.188413] usbcore: registered new interface driver usb-storage
[    1.194864] e0002000.usb supply vbus not found, using dummy regulator
[    1.201795] ci_hdrc ci_hdrc.0: EHCI Host Controller
[    1.206624] ci_hdrc ci_hdrc.0: new USB bus registered, assigned bus number 1
[    1.221480] ci_hdrc ci_hdrc.0: USB 2.0 started, EHCI 1.00
[    1.227674] hub 1-0:1.0: USB hub found
[    1.231360] hub 1-0:1.0: 1 port detected
[    1.236650] ci_hdrc ci_hdrc.1: doesn't support gadget
[    1.241645] ci_hdrc ci_hdrc.1: no supported roles
[    1.247691] mousedev: PS/2 mouse device common for all mice
[    1.256741] i2c /dev entries driver
[    1.264225] cdns-i2c e0004000.i2c: 100 kHz mmio e0004000 irq 23
[    1.276740] cpufreq: cpufreq_online: CPU0: Running at unlisted freq: 666666 KHz
[    1.284002] cpufreq: cpufreq_online: CPU0: Unlisted initial frequency changed to: 666667 KHz
[    1.293771] Xilinx Zynq CpuIdle Driver started
[    1.299153] sdhci: Secure Digital Host Controller Interface driver
[    1.305273] sdhci: Copyright(c) Pierre Ossman
[    1.310839] Synopsys Designware Multimedia Card Interface Driver
[    1.317678] sdhci-pltfm: SDHCI platform and OF driver helper
[    1.324350] sdhci-arasan e0101000.sdhci: No vmmc regulator found
[    1.330304] sdhci-arasan e0101000.sdhci: No vqmmc regulator found
[    1.366560] mmc0: SDHCI controller on e0101000.sdhci [e0101000.sdhci] using ADMA
[    1.376108] ledtrig-cpu: registered to indicate activity on CPUs
[    1.382559] usbcore: registered new interface driver usbhid
[    1.388089] usbhid: USB HID core driver
[    1.406687] NET: Registered protocol family 10
[    1.413931] sit: IPv6 over IPv4 tunneling driver
[    1.419184] NET: Registered protocol family 17
[    1.423571] can: controller area network core (rev 20120528 abi 9)
[    1.429801] NET: Registered protocol family 29
[    1.434187] can: raw protocol (rev 20120528)
[    1.438427] can: broadcast manager protocol (rev 20120528 t)
[    1.444086] can: netlink gateway (rev 20130117) max_hops=1
[    1.445910] mmc0: new high speed SDHC card at address 59b4
[    1.446371] mmcblk0: mmc0:59b4 USD00 14.7 GiB 
[    1.450481]  mmcblk0: p1 p2
[    1.462794] Key type dns_resolver registered
[    1.467310] ThumbEE CPU extension supported.
[    1.471549] Registering SWP/SWPB emulation handler
[    1.501483] epiphany elink0: elink: version field empty. Using default platform.
[    1.508875] epiphany elink0: Epiphany FPGA elink at address 0x81000000
[    1.515363] epiphany elink0: platform 01 revision 00
[    1.528818] hctosys: unable to open rtc device (rtc0)
[    1.613698] EXT4-fs (mmcblk0p2): mounted filesystem with ordered data mode. Opts: (null)
[    1.621845] VFS: Mounted root (ext4 filesystem) on device 179:2.
[    1.636020] devtmpfs: mounted
[    1.641052] Freeing unused kernel memory: 1056K (c0dfa000 - c0f02000)
[    1.911838] random: systemd urandom read with 7 bits of entropy available
Welcome to Ubuntu 15.04!

Cannot add dependency job for unit display-manager.service, ignoring: Unit display-manager.service failed to load: No such file or directory.
[  OK  ] Reached target Swap.
[  OK  ] Reached target Remote File Systems (Pre).
[  OK  ] Reached target Encrypted Volumes.
[  OK  ] Created slice Root Slice.
[  OK  ] Created slice System Slice.
[  OK  ] Created slice system-getty.slice.
         Starting Increase datagram queue length...
[  OK  ] Created slice User and Session Slice.
[  OK  ] Reached target Slices.
[  OK  ] Listening on /dev/initctl Compatibility Named Pipe.
[  OK  ] Listening on Delayed Shutdown Socket.
[  OK  ] Listening on Journal Socket (/dev/log).
[  OK  ] Listening on Journal Socket.
         Starting Setup Virtual Console...
         Starting Load Kernel Modules...
         Starting Create Static Device Nodes in /dev...
         Mounting Debug File System...
         Starting Remount Root and Kernel File Systems...
         Starting Restore / save the current clock...
[  OK  ] Listening on udev Kernel Socket.
[  OK  ] Created slice system-serial\x2dgetty.slice.
[  OK  ] Listening on udev Control Socket.
         Starting udev Coldplug all Devices...
[  OK  ] Started Setup Virtual Console.
[  OK  ] Started Load Kernel Modules.
[  OK  ] Started Remount Root and Kernel File Systems.
         Starting Various fixups to make systemd work better on Debian...
         Starting Load/Save Random Seed...
         Starting Apply Kernel Variables...
[  OK  ] Mounted Debug File System.
[  OK  ] Started Increase datagram queue length.
[  OK  ] Started Create Static Device Nodes in /dev.
[  OK  ] Started Restore / save the current clock.
[  OK  ] Started Load/Save Random Seed.
[  OK  ] Started Apply Kernel Variables.
[  OK  ] Started Various fixups to make systemd work better on Debian.
[  OK  ] Started udev Coldplug all Devices.
[  OK  ] Reached target Local File Systems (Pre).
[  OK  ] Reached target Local File Systems.
         Starting LSB: Raise network interfaces....
[  OK  ] Reached target Remote File Systems.
         Starting Wait for all "auto" /etc/n... up for network-online.target...
         Starting Tell Plymouth To Write Out Runtime Data...
         Starting Set console keymap...
         Starting udev Kernel Device Manager...
[  OK  ] Listening on Syslog Socket.
         Starting Journal Service...
[  OK  ] Started Tell Plymouth To Write Out Runtime Data.
[  OK  ] Started Journal Service.
         Starting Flush Journal to Persistent Storage...
[  OK  ] Started udev Kernel Device Manager.
[  OK  ] Reached target Paths.
         Starting Copy rules generated while the root was ro...
[  OK  ] Started Flush Journal to Persistent Storage.
[  OK  ] Started Copy rules generated while the root was ro.
         Starting Create Volatile Files and Directories...
[  OK  ] Started Set console keymap.
[  OK  ] Started Create Volatile Files and Directories.
[  OK  ] Reached target System Time Synchronized.
         Starting Update UTMP about System Boot/Shutdown...
[  OK  ] Found device /dev/ttyPS0.
[  OK  ] Started Update UTMP about System Boot/Shutdown.
[  OK  ] Created slice system-ifup.slice.
[  OK  ] Started ifup for sit0.
         Starting ifup for sit0...
[  OK  ] Started ifup for eth0.
         Starting ifup for eth0...
[  OK  ] Started LSB: Raise network interfaces..
[  OK  ] Stopped LSB: Start NTP daemon.
[  OK  ] Reached target Network.
[  OK  ] Reached target System Initialization.
[  OK  ] Listening on Avahi mDNS/DNS-SD Stack Activation Socket.
[  OK  ] Reached target Timers.
[  OK  ] Listening on D-Bus System Message Bus Socket.
[  OK  ] Reached target Sockets.
[  OK  ] Reached target Basic System.
         Starting Initialize hardware monitoring sensors...
[  OK  ] Started Deferred execution scheduler.
         Starting Deferred execution scheduler...
[  OK  ] Started OpenBSD Secure Shell server.
         Starting OpenBSD Secure Shell server...
[  OK  ] Started "Parallella Thermal Watchdog".
         Starting "Parallella Thermal Watchdog"...
         Starting Permit User Sessions...
         Starting System Logging Service...
         Starting /etc/rc.local Compatibility...
         Starting LSB: Set the CPU Frequency Scaling governor to "ondemand"...
[  OK  ] Started Regular background program processing daemon.
         Starting Regular background program processing daemon...
         Starting Avahi mDNS/DNS-SD Stack...
         Starting Login Service...
         Starting D-Bus System Message Bus...
[  OK  ] Started Permit User Sessions.
[  OK  ] Started Initialize hardware monitoring sensors.
[  OK  ] Started System Logging Service.
[  OK  ] Started D-Bus System Message Bus.
[  OK  ] Started Avahi mDNS/DNS-SD Stack.
[  OK  ] Started LSB: Set the CPU Frequency Scaling governor to "ondemand".
[  OK  ] Started Login Service.
         Starting LSB: Start NTP daemon...
[  OK  ] Started LSB: Start NTP daemon.
         Stopping OpenBSD Secure Shell server...
[  OK  ] Stopped OpenBSD Secure Shell server.
[  OK  ] Started OpenBSD Secure Shell server.
         Starting OpenBSD Secure Shell server...
[  OK  ] Started /etc/rc.local Compatibility.
         Starting Terminate Plymouth Boot Screen...
         Starting Wait for Plymouth Boot Screen to Quit...
[  OK  ] Started Terminate Plymouth Boot Screen.
[  OK  ] Started Wait for Plymouth Boot Screen to Quit.
[  OK  ] Started Serial Getty on ttyPS0.
         Starting Serial Getty on ttyPS0...
[  OK  ] Started Getty on tty1.
         Starting Getty on tty1...
[  OK  ] Reached target Login Prompts.

Ubuntu 15.04 parallella ttyPS0

parallella login: root (automatic login)


The programs included with the Ubuntu system are free software;
the exact distribution terms for each program are described in the
individual files in /usr/share/doc/*/copyright.

Ubuntu comes with ABSOLUTELY NO WARRANTY, to the extent permitted by
applicable law.

root@parallella:~# ls
root@parallella:~# cd /home/parallella/
root@parallella:/home/parallella# ls
epiphany-examples  parallella-examples  tests  ztemp.sh
root@parallella:/home/parallella# ./ztemp.sh 
Zynq Temp: 64.7 C / 148.4 F
root@parallella:/home/parallella# cat /proc/cpuinfo 
processor       : 0
model name      : ARMv7 Processor rev 0 (v7l)
BogoMIPS        : 1327.10
Features        : half thumb fastmult vfp edsp thumbee neon vfpv3 tls vfpd32 
CPU implementer : 0x41
CPU architecture: 7
CPU variant     : 0x3
CPU part        : 0xc09
CPU revision    : 0

processor       : 1
model name      : ARMv7 Processor rev 0 (v7l)
BogoMIPS        : 1332.84
Features        : half thumb fastmult vfp edsp thumbee neon vfpv3 tls vfpd32 
CPU implementer : 0x41
CPU architecture: 7
CPU variant     : 0x3
CPU part        : 0xc09
CPU revision    : 0

Hardware        : Xilinx Zynq Platform
Revision        : 0003
Serial          : 0000000000000000
